# Example URL:
#
# http://localhost/wms?SERVICE=WMS&VERSION=1.1.1&LAYERS=LAUF&srs=EPSG:4326&format=image/png&request=GetMap&bbox=11.27944,49.50938,11.28368,49.51277&width=512&height=512
#
MAP
    NAME OSM-WMS
    FONTSET "/var/www/wms4osm/fonts.list"
    STATUS ON
    UNITS METERS
    WEB         
        METADATA
			"wms_title"     "openstreetmap.de WMS-Server"
			"wms_onlineresource" "to_be_set_by_mapscript"
			"wms_srs"       "EPSG:4326 EPSG:900913"
        END
    END    
    EXTENT -180 -90 180 90
    PROJECTION
		"init=epsg:4326"
    END
        
	IMAGETYPE jpeg                  
	SHAPEPATH "/home_local/osm/luftbilder-lauf/"
	OUTPUTFORMAT
		NAME png
		DRIVER "GD/PNG"
		MIMETYPE "image/png"
		IMAGEMODE RGB
		EXTENSION "png"
    END                                                               
    LAYER                                                      
        NAME "LAUF"
        METADATA
			"wms_title"    "Luftbilder Stadt Lauf an der Pegnitz"  ##required
			"wms_extent"   "11.1828049 49.4630117 11.3570980 49.5764818"
			"wms_srs"      "EPSG:4326"
        END
        TYPE RASTER
        STATUS ON
	DATA "all-4326.img"
        PROJECTION
			"init=epsg:4326"
        END
    END

    LAYER
	METADATA
		"wms_title" "Copyright Notice"
		"ows_service"  "none"
	END
        NAME copyright
        STATUS DEFAULT
        TYPE annotation
        TRANSFORM ll #set the image origin to be lower left
        FEATURE
          POINTS
            120 -10 #set the offset from lower left position in pixels
          END
          TEXT "copyrighted Material: OSM use only" #this is your displaying text
        END   
        CLASS
          LABEL #defines the font, colors etc. of the text
            FONT arial-bold
            TYPE TRUETYPE
            SIZE 10
            BUFFER 1
            COLOR 255 0 0
#            BACKGROUNDCOLOR 255 255 255
            FORCE TRUE
          END
        END 
        UNITS PIXELS #sets the units for the feature object
    END
END
