#
# Mapscript for OSM WMS to be read by mapscript
#
# $Id$
#
#
MAP
  NAME OSM-WMS
  FONTSET "/osm/wms/fonts.list"
  STATUS ON
  UNITS METERS
  WEB
    METADATA
      "wms_title"          "openstreetmap.de WMS-Server"
      "wms_onlineresource" "to_be_replaced_by_wms.py"
      "wms_srs"            "EPSG:4326 EPSG:900913"
    END
  END

  EXTENT 11.1747901 48.7403310 13.1960986 50.0685678

  PROJECTION
    "init=epsg:4326"
  END

  IMAGETYPE jpeg
  SHAPEPATH "/osm/wms/"
  OUTPUTFORMAT
    NAME png
    DRIVER "AGG/PNG"
    MIMETYPE "image/png"
    IMAGEMODE RGB
    EXTENSION "png"
  END

  WEB
    IMAGEPATH "/tmp/ms_tmp/"
  END

  LAYER
    NAME "Witten"
    METADATA
      "wms_title"  "Luftbilder Stadtwerke Witten (03/2009, 10 cm)"
      "wms_extent" "7.220357 51.364269 7.438294 51.498894"
      "wms_srs"    "EPSG:4326"
      "copyright"  "© Stadtwerke Witten: OSM use only"
      "wiki" "http://wiki.openstreetmap.org/wiki/DE:Luftbilder_Witten"
    END
    TYPE RASTER
    STATUS ON
    DATA "witten/witten-4326.img"
    PROJECTION
      "init=epsg:4326"
    END
  END

  LAYER
    NAME "Lauf"
    METADATA
      "wms_title"  "Luftbilder Stadt Lauf an der Pegnitz"
      "wms_extent" "11.1828049 49.4630117 11.3570980 49.5764818"
      "wms_srs"    "EPSG:4326"
      "copyright"  "© Stadt Lauf: OSM use only"
    END
    TYPE RASTER
    STATUS ON
    DATA "luftbilder-lauf/beta2007-4326.img"
    PROJECTION
      "init=epsg:4326"
    END
  END

  LAYER
    NAME "Neunkirchen"
    METADATA
     "wms_title"  "cadastral map of Neunkirchen am Sand"
     "wms_extent" "11.3 49.50 11.386 49.55"
     "wms_srs"    "EPSG:4326"
     "copyright"  "© Gem. Neunkirchen: OSM use only"
    END
    STATUS ON
    TYPE LINE
    DATA "neunkirchen/neunkirchen-4326b.shp"
    PROJECTION
          "init=epsg:4326"
    END
    CLASS
      NAME "14 - sonstige Grenze (vermutet)"
      EXPRESSION ([SUMME] = 14)
      STYLE
        SIZE 1
        COLOR 0 128 128
        ANTIALIAS true
      END
    END
    CLASS
      NAME "15 - Markierung auf Anbau oder Wirtschaftsgebäude (vermutet)"
      EXPRESSION ([SUMME] = 15)
      STYLE
        SIZE 1
        COLOR 0 0 0
        ANTIALIAS true
      END
    END
    CLASS
      NAME "16 - Gebäude"
      EXPRESSION ([SUMME] = 16)
      STYLE
        SIZE 1
        COLOR 255 0 0
        ANTIALIAS true
      END
    END
    CLASS
      NAME "17 - Markierung auf Kirche"
      EXPRESSION ([SUMME] = 17)
      STYLE
        SIZE 1
        COLOR 0 0 0
        ANTIALIAS true
      END
    END
    CLASS
      NAME "18 - Gemarkungsgrenze (vermutet)"
      EXPRESSION ([SUMME] = 18)
      STYLE
        SIZE 1
        COLOR 128 128 0
        ANTIALIAS true
      END
    END
    CLASS
      NAME "19 - Grenze eines Weges (vermutet)"
      EXPRESSION ([SUMME] = 19)
      STYLE
        SIZE 1
        COLOR 0 128 255
        ANTIALIAS true
      END
    END
    CLASS
      NAME "20 - Grundstücks- und Gewässergrenze"
      EXPRESSION ([SUMME] = 20)
      STYLE
        SIZE 1
        COLOR 0 0 160
        ANTIALIAS true
      END
    END
    CLASS
      NAME "22 - Markierung auf Brücke"
      EXPRESSION ([SUMME] = 22)
      STYLE
        SIZE 1
        COLOR 0 0 0
        ANTIALIAS true
      END
    END
    CLASS
      NAME "23 - Straßenbegrenzung"
      EXPRESSION ([SUMME] = 23)
      STYLE
        SIZE 1
        COLOR 0 128 0
        ANTIALIAS true
      END
    END
    CLASS
      NAME "24 - Grenze eines Feldes (vermutet)"
      EXPRESSION ([SUMME] = 24)
      STYLE
        SIZE 1
        COLOR 0 128 128
        ANTIALIAS true
      END
    END
    CLASS
      NAME "26 - Grenze eines Feldes"
      EXPRESSION ([SUMME] = 26)
      STYLE
        SIZE 1
        COLOR 128 64 0
        ANTIALIAS true
      END
    END
    CLASS
      NAME "28 - unbekannt"
      EXPRESSION ([SUMME] = 28)
      STYLE
        SIZE 1
        COLOR 128 128 128
        ANTIALIAS true
      END
    END
  END

  LAYER
    NAME "Chile"
    METADATA
      "wms_title"  "Rapideye Images from Chile"
      "wms_extent" "-73.655740 -37.944243 -72.090433 -34.879482"
      "wms_srs"    "EPSG:4326"
      "copyright"  "© RapidEye AG: OSM use only"
    END
    TYPE RASTER
    STATUS ON
    OFFSITE 0 0 0
    TILEINDEX "chile/chile.shp"
    PROJECTION
      "init=epsg:4326"
    END
  END

  LAYER
    NAME "Mautknoten"
    TYPE POINT
    STATUS ON
    OPACITY ALPHA

    METADATA
      "wms_title" "Mautknoten (Deutschland)"
      "wms_extent" "6.024531 54.805774 15.008569 47.547219"
      "wms_srs" "EPSG:4326"
      "copyright"  "© Enaikoon: released with no restrictions"
      "wiki" "http://wiki.openstreetmap.org/wiki/Mautdaten"
    END

    DATA "mautknoten/mautknoten_4326"

    PROJECTION
      "init=epsg:4326"
    END

    CLASSITEM "beschr"
    CLASS
        NAME "Ausfahrten"
        EXPRESSION /Aus./
        STYLE
            COLOR 229 245 224
            SYMBOL 0
            OUTLINECOLOR 0 0 0
            SIZE 7
        END
    END
    CLASS
        NAME "Auffahrten"
        EXPRESSION /Auf./
        STYLE
            COLOR 49 163 84
            SYMBOL 0
            OUTLINECOLOR 0 0 0
            SIZE 7
        END
    END
  END


  LAYER
    METADATA
      "wms_title"   "Copyright Notice"
      "ows_service" "none"
    END
    NAME copyright
    STATUS DEFAULT
    TYPE annotation
    TRANSFORM ll #set the image origin to be lower left
      FEATURE
        POINTS
        128 -10 #set the offset from lower left position in pixels
      END
    END
    CLASS
      TEXT "to be set from mapscript"
      LABEL #defines the font, colors etc. of the text
        FONT arial-bold
        TYPE TRUETYPE
        SIZE 10
        BUFFER 1
        COLOR 255 0 0
        #BACKGROUNDCOLOR 255 255 255
        FORCE TRUE
      END
    END
    UNITS PIXELS #sets the units for the feature object
  END
END
