#
# Mapscript for OSM WMS to be read by mapscript
#
# $Id$
#
#
MAP
  NAME OSM-WMS
  FONTSET "/osm/wms/fonts.list"
  STATUS ON
  UNITS METERS
  WEB
    METADATA
      "wms_title"          "openstreetmap.de WMS-Server"
      "wms_onlineresource" "to_be_replaced_by_wms.py"
      "wms_srs"            "EPSG:4326 EPSG:900913"
    END
  END

  EXTENT 11.1747901 48.7403310 13.1960986 50.0685678

  PROJECTION
    "init=epsg:4326"
  END

  IMAGETYPE jpeg
  SHAPEPATH "/osm/wms/"
  OUTPUTFORMAT
    NAME png
    DRIVER "AGG/PNG"
    MIMETYPE "image/png"
    IMAGEMODE RGBA
    EXTENSION "png"
  END

  WEB
    IMAGEPATH "/osm/wms_tmp/"
  END

 LAYER
    NAME "Ruanda"
    METADATA
      "wms_title"  "Ruanda"
      "wms_extent" "28.356243 -2.993915 31.465746 -1.053348"
      "wms_srs"    "EPSG:4326"
      "copyright"  "© : osm-use only"
      "wiki"       "http://wiki.openstreetmap.org/wiki/Ruanda"
    END
    TYPE RASTER
    STATUS ON
    DATA "ruanda/Ruanda.tif"
    PROJECTION
      "init=epsg:4326"
    END
  END
LAYER
    NAME "Cottbus"
    METADATA
      "wms_title"  "Cottbus"
      "wms_extent" "14.185499 51.660378 14.502745 51.858363"
      "wms_srs"    "EPSG:4326"
      "copyright"  "© Holger Neubert: OSM use only"
    "wiki"       "http://wiki.openstreetmap.org/wiki/User:MartinDornfelder"
    END
    TYPE RASTER
    STATUS ON
    OFFSITE 0 0 0
    TILEINDEX "martin_dornfelder/cottbus.shp"
    PROJECTION
      "init=epsg:4326"
    END
  END
  LAYER
    NAME "Guben"
    METADATA
      "wms_title"  "Luftbilder Guben"
      "wms_extent" "14.633230 51.920404 14.790094 51.987163"
      "wms_srs"    "EPSG:4326"
      "copyright"  "© Holger Neubert: osm-use only"
      "wiki"       "http://wiki.openstreetmap.org/wiki/User:MartinDornfelder"
    END
    TYPE RASTER
    STATUS ON
    DATA "martin_dornfelder/guben-4326.tif"
    PROJECTION
      "init=epsg:4326"
    END
  END
  LAYER
    NAME "Calau"
    METADATA
      "wms_title"  "Luftbilder Calau"
      "wms_extent" "13.946011 51.740416 13.957644 51.751561"
      "wms_srs"    "EPSG:4326"
      "copyright"  "© Holger Neubert: osm-use only"
      "wiki"       "http://wiki.openstreetmap.org/wiki/User:MartinDornfelder"
    END
    TYPE RASTER
    STATUS ON
    DATA "martin_dornfelder/calau-geo.tif"
    PROJECTION
      "init=epsg:4326"
    END
  END
 
  LAYER
    NAME "Gross-Schacksdorf-Brandenburg"
    METADATA
      "wms_title"  "Luftbilder Gross-Schacksdorf"
      "wms_extent" "14.616566 51.683360 14.637754 51.698390"
      "wms_srs"    "EPSG:4326"
      "copyright"  "© Holger Neubert: osm-use only"
      "wiki"       "http://wiki.openstreetmap.org/wiki/User:MartinDornfelder"
    END
    TYPE RASTER
    STATUS ON
    DATA "martin_dornfelder/Gross_Schacksdorf-geo.tif"
    PROJECTION
      "init=epsg:4326"
    END
  END
  LAYER
    NAME "Rodewitz"
    METADATA
      "wms_title"  "Luftbilder Rodewitz Sachsen"
      "wms_extent" "14.430536 51.096425 14.451835 51.110455"
      "wms_srs"    "EPSG:4326"
      "copyright"  "© Holger Neubert: osm-use only"
      "wiki"       "http://wiki.openstreetmap.org/wiki/User:MartinDornfelder"
    END
    TYPE RASTER
    STATUS ON
    DATA "martin_dornfelder/Rodewitz_modifiziert.tif"
    PROJECTION
      "init=epsg:4326"
    END
  END
  LAYER
    NAME "Radolfzell"
    METADATA
      "wms_title"  "Luftbilder Radolfzell (5.06.2010, 7 cm)"
      "wms_extent" "8.901518 47.715411 9.065091 47.816186"
      "wms_srs"    "EPSG:4326"
      "copyright"  "© Stadt Radolfzell: OSM use only"
      "wiki"       "http://wiki.openstreetmap.org/wiki/Luftbilder_Radolfzell"
      "zoomlevels" "22"
    END
    TYPE RASTER
    STATUS ON
    DATA "radolfzell/radolfzell-4326.img"
    PROJECTION
      "init=epsg:4326"
    END
  END
 LAYER
    NAME "Lauchhammer"
    METADATA
      "wms_title"  "Lauchhammer"
      "wms_extent" "13.710956 51.475946 13.771952 51.510783"
      "wms_srs"    "EPSG:4326"
      "copyright"  "© Holger Neubert: osm-use only"
      "wiki"       "http://wiki.openstreetmap.org/wiki/User:MartinDornfelder"
    END
    TYPE RASTER
    STATUS ON
    DATA "martin_dornfelder/lauchhammer.tif"
    PROJECTION
      "init=epsg:4326"
    END
  END
  LAYER
    NAME "Schwarze Pumpe"
    METADATA
      "wms_title"  "Luftbilder Schwarze Pumpe"
      "wms_extent" "14.334045 51.525423 14.368677 51.548234"
      "wms_srs"    "EPSG:4326"
      "copyright"  "© Holger Neubert: osm-use only"
      "wiki"       "http://wiki.openstreetmap.org/wiki/User:MartinDornfelder"
    END
    TYPE RASTER
    STATUS ON
    DATA "martin_dornfelder/Schwarze_Pumpe-geo.tif"
    PROJECTION
      "init=epsg:4326"
    END
  END
  LAYER
    NAME "Witten"
    METADATA
      "wms_title"  "Luftbilder Stadtwerke Witten (03/2009, 10 cm)"
      "wms_extent" "7.220357 51.364269 7.438294 51.498894"
      "wms_srs"    "EPSG:4326"
      "copyright"  "© Stadtwerke Witten: OSM use only"
      "wiki"       "http://wiki.openstreetmap.org/wiki/DE:Luftbilder_Witten"
    END
    TYPE RASTER
    STATUS ON
    DATA "witten/witten-4326.img"
    PROJECTION
      "init=epsg:4326"
    END
  END

  LAYER
    NAME "Goerlitz"
    STATUS ON
    TYPE RASTER
    METADATA
     "wms_title"  "Luftbilder Goerlitz"
     "wms_extent" "14.978819 51.142103 15.006943 51.170933"
     "wms_srs"    "EPSG:4326"
     "copyright"  "© Holger Neubert: osm-use only"
     "wiki"       "http://wiki.openstreetmap.org/wiki/User:MartinDornfelder"
    END
    DATA "martin_dornfelder/goerlitz.tif"
    PROJECTION
       "init=epsg:4326"
    END
  END

  LAYER
    NAME "Gross-Jamno"
    METADATA
     "wms_title"  "Luftbilder Gross-Jamno"
     "wms_extent" "14.567003 51.716530 14.597042 51.729961"
     "wms_srs"    "EPSG:4326"
     "copyright"  "© Holger Neubert: osm-use only"
     "wiki"       "http://wiki.openstreetmap.org/wiki/User:MartinDornfelder"
    END
    STATUS ON
    TYPE RASTER
    DATA "martin_dornfelder/gross-jamno.tif"
    PROJECTION
       "init=epsg:4326"
    END
  END

  LAYER
    NAME "Luebben"
    METADATA
     "wms_title"  "Luftbilder Luebben"
     "wms_extent" "13.860654 51.916350 13.913610 51.961214"
     "wms_srs"    "EPSG:4326"
     "copyright"  "© Holger Neubert: osm-use only"
     "wiki"       "http://wiki.openstreetmap.org/wiki/User:MartinDornfelder"
    END
    STATUS ON
    TYPE RASTER
    DATA "martin_dornfelder/luebben-geo.tif"
    PROJECTION
       "init=epsg:4326"
    END
  END

  LAYER
    NAME "Lauf"
    METADATA
      "wms_title"  "Luftbilder Stadt Lauf an der Pegnitz"
      "wms_extent" "11.1828049 49.4630117 11.3570980 49.5764818"
      "wms_srs"    "EPSG:4326"
      "copyright"  "© Stadt Lauf: OSM use only"
    END
    TYPE RASTER
    STATUS ON
    DATA "luftbilder-lauf/beta2007-4326.img"
    PROJECTION
      "init=epsg:4326"
    END
  END

  LAYER
    NAME "Neunkirchen"
    METADATA
     "wms_title"  "cadastral map of Neunkirchen am Sand"
     "wms_extent" "11.3 49.50 11.386 49.55"
     "wms_srs"    "EPSG:4326"
     "copyright"  "© Gem. Neunkirchen: OSM use only"
    END
    STATUS ON
    TYPE LINE
    DATA "neunkirchen/neunkirchen-4326b.shp"
    PROJECTION
          "init=epsg:4326"
    END
    CLASS
      NAME "14 - sonstige Grenze (vermutet)"
      EXPRESSION ([SUMME] = 14)
      STYLE
        SIZE 1
        COLOR 0 128 128
        ANTIALIAS true
      END
    END
    CLASS
      NAME "15 - Markierung auf Anbau oder Wirtschaftsgebäude (vermutet)"
      EXPRESSION ([SUMME] = 15)
      STYLE
        SIZE 1
        COLOR 0 0 0
        ANTIALIAS true
      END
    END
    CLASS
      NAME "16 - Gebäude"
      EXPRESSION ([SUMME] = 16)
      STYLE
        SIZE 1
        COLOR 255 0 0
        ANTIALIAS true
      END
    END
    CLASS
      NAME "17 - Markierung auf Kirche"
      EXPRESSION ([SUMME] = 17)
      STYLE
        SIZE 1
        COLOR 0 0 0
        ANTIALIAS true
      END
    END
    CLASS
      NAME "18 - Gemarkungsgrenze (vermutet)"
      EXPRESSION ([SUMME] = 18)
      STYLE
        SIZE 1
        COLOR 128 128 0
        ANTIALIAS true
      END
    END
    CLASS
      NAME "19 - Grenze eines Weges (vermutet)"
      EXPRESSION ([SUMME] = 19)
      STYLE
        SIZE 1
        COLOR 0 128 255
        ANTIALIAS true
      END
    END
    CLASS
      NAME "20 - Grundstücks- und Gewässergrenze"
      EXPRESSION ([SUMME] = 20)
      STYLE
        SIZE 1
        COLOR 0 0 160
        ANTIALIAS true
      END
    END
    CLASS
      NAME "22 - Markierung auf Brücke"
      EXPRESSION ([SUMME] = 22)
      STYLE
        SIZE 1
        COLOR 0 0 0
        ANTIALIAS true
      END
    END
    CLASS
      NAME "23 - Straßenbegrenzung"
      EXPRESSION ([SUMME] = 23)
      STYLE
        SIZE 1
        COLOR 0 128 0
        ANTIALIAS true
      END
    END
    CLASS
      NAME "24 - Grenze eines Feldes (vermutet)"
      EXPRESSION ([SUMME] = 24)
      STYLE
        SIZE 1
        COLOR 0 128 128
        ANTIALIAS true
      END
    END
    CLASS
      NAME "26 - Grenze eines Feldes"
      EXPRESSION ([SUMME] = 26)
      STYLE
        SIZE 1
        COLOR 128 64 0
        ANTIALIAS true
      END
    END
    CLASS
      NAME "28 - unbekannt"
      EXPRESSION ([SUMME] = 28)
      STYLE
        SIZE 1
        COLOR 128 128 128
        ANTIALIAS true
      END
    END
  END

  LAYER
    NAME "Chile"
    METADATA
      "wms_title"  "Rapideye Images from Chile"
      "wms_extent" "-73.655740 -37.944243 -72.090433 -34.879482"
      "wms_srs"    "EPSG:4326"
      "copyright"  "© RapidEye AG: OSM use only"
    END
    TYPE RASTER
    STATUS ON
    OFFSITE 0 0 0
    TILEINDEX "chile/chile.shp"
    PROJECTION
      "init=epsg:4326"
    END
  END

  LAYER
    NAME "Mautknoten"
    TYPE POINT
    STATUS ON
    OPACITY ALPHA

    METADATA
      "wms_title" "Mautknoten (Deutschland)"
      "wms_extent" "6.024531 54.805774 15.008569 47.547219"
      "wms_srs" "EPSG:4326"
      "copyright"  "© Enaikoon: released with no restrictions"
      "wiki" "http://wiki.openstreetmap.org/wiki/Mautdaten"
    END

    DATA "mautknoten/mautknoten_4326"

    PROJECTION
      "init=epsg:4326"
    END

    CLASSITEM "beschr"
    CLASS
        NAME "Ausfahrten"
        EXPRESSION /Aus./
        STYLE
            COLOR 229 245 224
            SYMBOL 0
            OUTLINECOLOR 0 0 0
            SIZE 7
        END
    END
    CLASS
        NAME "Auffahrten"
        EXPRESSION /Auf./
        STYLE
            COLOR 49 163 84
            SYMBOL 0
            OUTLINECOLOR 0 0 0
            SIZE 7
        END
    END
  END

LAYER
  NAME "Karlsruhe"
  TYPE RASTER
  STATUS ON
  CONNECTION "http://geodaten.karlsruhe.de/wmsconnector/com.esri.wms.Esrimap/ortho2008wms?"
  CONNECTIONTYPE WMS
  METADATA
    "wms_title" "Luftbilder Liegenschaftsamt Karlsruhe"      
    "wms_extent" "3447002.869937 5422401.381695 3466999.846248 5439996.318378"
    "wms_srs" "EPSG:31467"
    "wms_server_version" "1.1.1"
    "wms_name" "0"
    "wms_format" "image/png"
    "wms_connectiontimeout" "180"
    "copyright"  "© Liegenschaftsamt KA: OSM use only"
    "zoomlevels" "22"
  END
END
LAYER
    NAME "Torgau"
    METADATA
      "wms_title"  "Torgau"
      "wms_extent" "12.534695 51.198890 13.469901 51.782530"
      "wms_srs"    "EPSG:4326"
      "copyright"  "© Holger Neubert: OSM use only"
    END
    TYPE RASTER
    STATUS ON
    OFFSITE 0 0 0
    TILEINDEX "martin_dornfelder/torgau.shp"
    PROJECTION
      "init=epsg:4326"
    END
  END



LAYER
    NAME "Rehfeld-Brandenburg"
    METADATA
      "wms_title"  "Rehfeld"
      "wms_extent" "13.165592 51.579486 13.180812 51.589129"
      "wms_srs"    "EPSG:4326"
      "copyright"  "© Holger Neubert: osm-use only 2011"
      "wiki"       "http://wiki.openstreetmap.org/wiki/User:MartinDornfelder"
    END
    TYPE RASTER
    STATUS ON
    DATA "martin_dornfelder/Rehfeld_modifiziert.tif"
    PROJECTION
      "init=epsg:4326"
    END
  END
LAYER
    NAME "Koelsa-Brandenburg"
    METADATA
      "wms_title"  "Koelsa"
      "wms_extent" "13.202709 51.580498 13.218317 51.590386"
      "wms_srs"    "EPSG:4326"
      "copyright"  "© Holger Neubert: osm-use only 2011"
      "wiki"       "http://wiki.openstreetmap.org/wiki/User:MartinDornfelder"
    END
    TYPE RASTER
    STATUS ON
    DATA "martin_dornfelder/Koelsa_modifiziert.tif"
    PROJECTION
      "init=epsg:4326"
    END
  END

  LAYER
    NAME "Aerowest-Bonn"
    METADATA
      "wms_title"     "Aerowest - Luftbilder Bonn (10cm, 2003-04-12)"
      "wms_extent"    "781128.536285 6555802.724708 803591.182523 6582993.925441"
      "wms_srs"       "EPSG:900913"
      "copyright"     "OSM 2010 - © Aerowest"
      "wiki"          "http://wiki.openstreetmap.org/wiki/DE:WissensWert/Luftbilder"
      "-wms-disabled" "true"
      "-terms-of-use" "Es dürfen zeitlich begrenzt Daten für OpenStreetMap abgeleitet werden, darüber hinaus gilt die AGB von Aerowest. Komplette Spiegelungen, Archivierung und sonstige zweckfremde Nutzung sind nicht gestattet. Die Aktion geht bis zum 15.7.2012, danach dürfen die Bilder nicht mehr genutzt werden."
    END
    TYPE RASTER
    STATUS ON
    DATA "bonn-rheinsieg/bonn-beta2007-3857.img"
    PROJECTION
      "init=epsg:900913"
    END
  END
  LAYER
    NAME "Aerowest-Sankt_Augustin"
    METADATA
      "wms_title"     "Aerowest - Luftbilder Sankt Augustin (10cm, 2003-04-14)"
      "wms_extent"    "792425.293079 6574697.813531 806813.861635 6586790.283497"
      "wms_srs"       "EPSG:900913"
      "copyright"     "OSM 2010 - © Aerowest"
      "wiki"          "http://wiki.openstreetmap.org/wiki/DE:WissensWert/Luftbilder"
      "-wms-disabled" "true"
      "-terms-of-use" "Es dürfen zeitlich begrenzt Daten für OpenStreetMap abgeleitet werden, darüber hinaus gilt die AGB von Aerowest. Komplette Spiegelungen, Archivierung und sonstige zweckfremde Nutzung sind nicht gestattet. Die Aktion geht bis zum 15.7.2012, danach dürfen die Bilder nicht mehr genutzt werden."
    END
    TYPE RASTER
    STATUS ON
    DATA "bonn-rheinsieg/sanktaugustin-beta2007-3857.img"
    PROJECTION
      "init=epsg:900913"
    END
  END
  LAYER
    NAME "Aerowest-Siegburg"
    METADATA
      "wms_title"     "Aerowest - Luftbilder Siegburg (10cm, 2009-03-21)"
      "wms_extent"    "798143.677786 6581895.064120 814882.617437 6591674.419143"
      "wms_srs"       "EPSG:900913"
      "copyright"     "OSM 2010 - © Aerowest"
      "wiki"          "http://wiki.openstreetmap.org/wiki/DE:WissensWert/Luftbilder"
      "-wms-disabled" "true"
      "-terms-of-use" "Es dürfen zeitlich begrenzt Daten für OpenStreetMap abgeleitet werden, darüber hinaus gilt die AGB von Aerowest. Komplette Spiegelungen, Archivierung und sonstige zweckfremde Nutzung sind nicht gestattet. Die Aktion geht bis zum 15.7.2012, danach dürfen die Bilder nicht mehr genutzt werden."
    END
    TYPE RASTER
    STATUS ON
    DATA "bonn-rheinsieg/siegburg-beta2007-3857.img"
    PROJECTION
      "init=epsg:900913"
    END
  END
  LAYER
    NAME "Aerowest-Troisdorf"
    METADATA
      "wms_title"     "Aerowest - Luftbilder Troisdorf (10cm, 2007-10-14)"
      "wms_extent"    "786963.964480 6578703.392585 803878.365398 6600340.464874"
      "wms_srs"       "EPSG:900913"
      "copyright"     "OSM 2010 - © Aerowest"
      "wiki"          "http://wiki.openstreetmap.org/wiki/DE:WissensWert/Luftbilder"
      "-wms-disabled" "true"
      "-terms-of-use" "Es dürfen zeitlich begrenzt Daten für OpenStreetMap abgeleitet werden, darüber hinaus gilt die AGB von Aerowest. Komplette Spiegelungen, Archivierung und sonstige zweckfremde Nutzung sind nicht gestattet. Die Aktion geht bis zum 15.7.2012, danach dürfen die Bilder nicht mehr genutzt werden."
    END
    TYPE RASTER
    STATUS ON
    DATA "bonn-rheinsieg/troisdorf-beta2007-3857.img"
    PROJECTION
      "init=epsg:900913"
    END
  END

  LAYER
    NAME "MUC"
    METADATA
     "wms_title"  "Radwegenetz Muenchen (keine amtlichen Daten)"
     "wms_extent" "11.364118 48.063369 11.716920 48.249042"
     "wms_srs"    "EPSG:4326"
     "copyright"  "© Stadt MUC CC-BY-3.0-DE"
    END
    STATUS ON
    TYPE LINE
    DATA "radwege-muenchen/radroute_muc_4326.shp"
    PROJECTION
          "init=epsg:4326"
    END
    CLASS
      EXPRESSION ([VERK_AUFK] = 1)
      STYLE
        OUTLINEWIDTH 1
        COLOR 0 255 0
        ANTIALIAS true
      END
    END
    CLASS
      EXPRESSION ([VERK_AUFK] = 2)
      STYLE
        OUTLINEWIDTH 1
        COLOR 0 0 255
        ANTIALIAS true
      END
    END
    CLASS
      EXPRESSION ([VERK_AUFK] = 3)
      STYLE
        OUTLINEWIDTH 1
        COLOR 255 0 255
        ANTIALIAS true
      END
    END
    CLASS
      EXPRESSION ([VERK_AUFK] = 4)
      STYLE
        OUTLINEWIDTH 1
        COLOR 255 0 0
        ANTIALIAS true
      END
    END
    CLASS
      EXPRESSION ([VERK_AUFK] = 5)
      STYLE
        OUTLINEWIDTH 1
        COLOR 0 0 0
        ANTIALIAS true
      END
    END

  END

  INCLUDE "raba/raba3000.map"
  INCLUDE "raba/raba.map"
  INCLUDE "raba/rabaSplits.map"

  INCLUDE "gurs/building-outlines.map"
  INCLUDE "gurs/road-lines.map"


###################
# COPYRIGHT LAYER
###################

  LAYER
    METADATA
      "wms_title"   "Copyright Notice"
      "ows_service" "none"
    END
    NAME copyright
    STATUS DEFAULT
    TYPE annotation
    TRANSFORM ll #set the image origin to be lower left
      FEATURE
        POINTS
        128 -10 #set the offset from lower left position in pixels
      END
    END
    CLASS
      TEXT "to be set from mapscript"
      LABEL #defines the font, colors etc. of the text
        FONT arial-bold
        TYPE TRUETYPE
        SIZE 10
        BUFFER 1
        COLOR 255 0 0
        #BACKGROUNDCOLOR 255 255 255
        FORCE TRUE
      END
    END
    UNITS PIXELS #sets the units for the feature object
  END
END
