map
	size 	 640 480
	imagetype	jpeg
	projection	"init=epsg:4326" end
	debug on
  transparent on
  status on

	WEB
		IMAGEPATH '/tmp/'
    IMAGEURL '/tmp/'
	END

  OUTPUTFORMAT
    NAME jpeg
    DRIVER "GD/JPEG"
    MIMETYPE "image/jpeg"
    IMAGEMODE RGB
    EXTENSION "jpg"
    FORMATOPTION "INTERLACE=OFF"
  END




LAYER # LandSat WMS map from JPL (or from USGS)
	debug on
	NAME landsat-old
  group foo
	TYPE RASTER
	OFFSITE 0 0 0
	STATUS off
	CONNECTIONTYPE WMS

	
	CONNECTION "http://onearth.jpl.nasa.gov/wms.cgi?request=GetMap&layers=modis,global_mosaic&srs=EPSG:4326"
	METADATA
		"wms_name" "us_landsat7"
		"wms_server_version" "1.0.0"
		"wms_srs" "epsg:4326"
		"wms_format" "image/jpeg"
	END

		PROJECTION
			"init=epsg:4326"
		END
END # LandSat WMS image ends here

LAYER # LandSat WMS map from JPL (or from USGS)
	debug on
	NAME landsat
  group foo
	TYPE RASTER
	OFFSITE 0 0 0
	STATUS off
	CONNECTIONTYPE WMS

	
	CONNECTION "http://landsat.openstreetmap.org:3128/wms.cgi?request=GetMap&layers=modis,global_mosaic&srs=EPSG:4326"
	METADATA
		"wms_name" "us_landsat7"
		"wms_server_version" "1.0.0"
		"wms_srs" "epsg:4326"
		"wms_format" "image/jpeg"
	END

		PROJECTION
			"init=epsg:4326"
		END
END


LAYER 
	debug on
	NAME gpx
  group foo
	TYPE RASTER
	OFFSITE 255 255 255
	STATUS off
	CONNECTIONTYPE WMS

	
	CONNECTION "http://tile.openstreetmap.org:81/ruby/gpx.rbx?request=GetMap&layers=modis,global_mosaic&srs=EPSG:4326"
	METADATA
		"wms_name" "gpx"
		"wms_server_version" "1.0.0"
		"wms_srs" "epsg:4326"
		"wms_format" "image/png"
	END

		PROJECTION
			"init=epsg:4326"
		END
	END # LandSat WMS image ends here


LAYER 
	debug on
	NAME streets
  group foo
	TYPE RASTER
	OFFSITE 255 255 0
	STATUS off
	CONNECTIONTYPE WMS

	
	CONNECTION "http://tile.openstreetmap.org:81/ruby/streets.rbx?request=GetMap&layers=modis,global_mosaic&srs=EPSG:4326"
	METADATA
		"wms_name" "streets"
		"wms_server_version" "1.0.0"
		"wms_srs" "epsg:4326"
		"wms_format" "image/png"
	END

		PROJECTION
			"init=epsg:4326"
		END
END

LAYER 
	debug on
	NAME streets2
  group foo
	TYPE RASTER
	OFFSITE 255 255 0
	STATUS on
	CONNECTIONTYPE WMS

	
	CONNECTION "http://tile.openstreetmap.org:81/ruby/svg.rb?"
	METADATA
		"wms_name" "streets2"
		"wms_server_version" "1.0.0"
		"wms_srs" "epsg:4326"
		"wms_format" "image/png"
	END

		PROJECTION
			"init=epsg:4326"
		END
END


LAYER 
	debug on
	NAME nickosm 
  group foo
	TYPE RASTER
	OFFSITE 255 255 0
	STATUS on
	CONNECTIONTYPE WMS

	
	CONNECTION "http://nick.dev.openstreetmap.org/osm.php?"
	METADATA
		"wms_name" "nickosm"
		"wms_server_version" "1.0.0"
		"wms_srs" "epsg:4326"
		"wms_format" "image/png"
	END

		PROJECTION
			"init=epsg:4326"
		END
END


LAYER 
	debug on
	NAME nicksrtm
  group foo
	TYPE RASTER
	OFFSITE 255 255 0
	STATUS on
	CONNECTIONTYPE WMS

	
	CONNECTION "http://nick.dev.openstreetmap.org/srtm.php?"
	METADATA
		"wms_name" ""
		"wms_server_version" "1.0.0"
		"wms_srs" "epsg:4326"
		"wms_format" "image/png"
	END

		PROJECTION
			"init=epsg:4326"
		END
END

end
end
